// Jest Snapshot v1, https://goo.gl/fbAQLP

exports[`renders correctly 1`] = `
<div>
  <Header />
  <div
    id="title"
  >
    Dog guessr
  </div>
  <DogGuessr />
  <div
    id="photo"
  />
</div>
`;
