// Jest Snapshot v1, https://goo.gl/fbAQLP

exports[`renders correctly 1`] = `
<div
  className="row"
>
  <ForwardRef(Bootstrap(Button))
    id="skip"
    variant="secondary"
  >
    Skip
  </ForwardRef(Bootstrap(Button))>
</div>
`;
